// Jest Snapshot v1, https://goo.gl/fbAQLP

exports[`Spinner Renders correctly 1`] = `
<div
  className="Loader"
>
  <div />
  <div />
  <div />
  <div />
  <div />
  <div />
  <div />
  <div />
  <div />
</div>
`;
