// Jest Snapshot v1, https://goo.gl/fbAQLP

exports[`Backdrop Renders correctly when hidden 1`] = `""`;

exports[`Backdrop Renders correctly when shown 1`] = `
<div
  className="Backdrop"
/>
`;
